// Jest Snapshot v1, https://goo.gl/fbAQLP

exports[`TotalInvested matches the snapshot 1`] = `<View />`;
